MO xung1hz NULL xung1hz.v vlg15/xung1hz.bin 1701739595
MO sangchay2led NULL sangchay2led.v vlg6D/sangchay2led.bin 1701739595
MO main NULL main.v vlg2D/main.bin 1701739595
MO xung0_5hz NULL xung0_5hz.v vlg7C/xung0__5hz.bin 1701739595
MO sangdan_tatdan2led NULL sangdan_tatdan2led.v vlg1A/sangdan__tatdan2led.bin 1701739595
