Release 14.7 - xst P.20131013 (lin64)
Copyright (c) 1995-2013 Xilinx, Inc.  All rights reserved.
--> 
Parameter TMPDIR set to xst/projnav.tmp


Total REAL time to Xst completion: 0.00 secs
Total CPU time to Xst completion: 0.04 secs
 
--> 
Parameter xsthdpdir set to xst


Total REAL time to Xst completion: 0.00 secs
Total CPU time to Xst completion: 0.04 secs
 
--> 
Reading design: chiaxung.prj

TABLE OF CONTENTS
  1) Synthesis Options Summary
  2) HDL Compilation
  3) Design Hierarchy Analysis
  4) HDL Analysis
  5) HDL Synthesis
     5.1) HDL Synthesis Report
  6) Advanced HDL Synthesis
     6.1) Advanced HDL Synthesis Report
  7) Low Level Synthesis
  8) Partition Report
  9) Final Report
	9.1) Device utilization summary
	9.2) Partition Resource Summary
	9.3) TIMING REPORT


=========================================================================
*                      Synthesis Options Summary                        *
=========================================================================
---- Source Parameters
Input File Name                    : "chiaxung.prj"
Input Format                       : mixed
Ignore Synthesis Constraint File   : NO

---- Target Parameters
Output File Name                   : "chiaxung"
Output Format                      : NGC
Target Device                      : xc3s500e-4-fg320

---- Source Options
Top Module Name                    : chiaxung
Automatic FSM Extraction           : YES
FSM Encoding Algorithm             : Auto
Safe Implementation                : No
FSM Style                          : LUT
RAM Extraction                     : Yes
RAM Style                          : Auto
ROM Extraction                     : Yes
Mux Style                          : Auto
Decoder Extraction                 : YES
Priority Encoder Extraction        : Yes
Shift Register Extraction          : YES
Logical Shifter Extraction         : YES
XOR Collapsing                     : YES
ROM Style                          : Auto
Mux Extraction                     : Yes
Resource Sharing                   : YES
Asynchronous To Synchronous        : NO
Multiplier Style                   : Auto
Automatic Register Balancing       : No

---- Target Options
Add IO Buffers                     : YES
Global Maximum Fanout              : 500
Add Generic Clock Buffer(BUFG)     : 24
Register Duplication               : YES
Slice Packing                      : YES
Optimize Instantiated Primitives   : NO
Use Clock Enable                   : Yes
Use Synchronous Set                : Yes
Use Synchronous Reset              : Yes
Pack IO Registers into IOBs        : Auto
Equivalent register Removal        : YES

---- General Options
Optimization Goal                  : Speed
Optimization Effort                : 1
Keep Hierarchy                     : No
Netlist Hierarchy                  : As_Optimized
RTL Output                         : Yes
Global Optimization                : AllClockNets
Read Cores                         : YES
Write Timing Constraints           : NO
Cross Clock Analysis               : NO
Hierarchy Separator                : /
Bus Delimiter                      : <>
Case Specifier                     : Maintain
Slice Utilization Ratio            : 100
BRAM Utilization Ratio             : 100
Verilog 2001                       : YES
Auto BRAM Packing                  : NO
Slice Utilization Ratio Delta      : 5

=========================================================================


=========================================================================
*                          HDL Compilation                              *
=========================================================================
Compiling verilog file "taoxung.v" in library work
Module <chiaxung> compiled
No errors in compilation
Analysis of file <"chiaxung.prj"> succeeded.
 

=========================================================================
*                     Design Hierarchy Analysis                         *
=========================================================================
Analyzing hierarchy for module <chiaxung> in library <work> with parameters.
	M = "00000010111110101111000010000000"


=========================================================================
*                            HDL Analysis                               *
=========================================================================
Analyzing top module <chiaxung>.
	M = 32'sb00000010111110101111000010000000
Module <chiaxung> is correct for synthesis.
 

=========================================================================
*                           HDL Synthesis                               *
=========================================================================

Performing bidirectional port resolution...

Synthesizing Unit <chiaxung>.
    Related source file is "taoxung.v".
    Found 31-bit comparator lessequal for signal <clko$cmp_le0000> created at line 36.
    Found 31-bit adder for signal <r_next$addsub0000> created at line 35.
    Found 31-bit register for signal <r_reg>.
    Summary:
	inferred  31 D-type flip-flop(s).
	inferred   1 Adder/Subtractor(s).
	inferred   1 Comparator(s).
Unit <chiaxung> synthesized.


=========================================================================
HDL Synthesis Report

Macro Statistics
# Adders/Subtractors                                   : 1
 31-bit adder                                          : 1
# Registers                                            : 1
 31-bit register                                       : 1
# Comparators                                          : 1
 31-bit comparator lessequal                           : 1

=========================================================================

=========================================================================
*                       Advanced HDL Synthesis                          *
=========================================================================


=========================================================================
Advanced HDL Synthesis Report

Macro Statistics
# Adders/Subtractors                                   : 1
 31-bit adder                                          : 1
# Registers                                            : 31
 Flip-Flops                                            : 31
# Comparators                                          : 1
 31-bit comparator lessequal                           : 1

=========================================================================

=========================================================================
*                         Low Level Synthesis                           *
=========================================================================

Optimizing unit <chiaxung> ...

Mapping all equations...
Building and optimizing final netlist ...
Found area constraint ratio of 100 (+ 5) on block chiaxung, actual ratio is 0.

Final Macro Processing ...

=========================================================================
Final Register Report

Macro Statistics
# Registers                                            : 31
 Flip-Flops                                            : 31

=========================================================================

=========================================================================
*                           Partition Report                            *
=========================================================================

Partition Implementation Status
-------------------------------

  No Partitions were found in this design.

-------------------------------

=========================================================================
*                            Final Report                               *
=========================================================================
Final Results
RTL Top Level Output File Name     : chiaxung.ngr
Top Level Output File Name         : chiaxung
Output Format                      : NGC
Optimization Goal                  : Speed
Keep Hierarchy                     : No

Design Statistics
# IOs                              : 2

Cell Usage :
# BELS                             : 139
#      GND                         : 1
#      INV                         : 5
#      LUT1                        : 34
#      LUT2                        : 2
#      LUT3                        : 1
#      LUT4                        : 12
#      MUXCY                       : 52
#      VCC                         : 1
#      XORCY                       : 31
# FlipFlops/Latches                : 31
#      FDR                         : 31
# Clock Buffers                    : 1
#      BUFGP                       : 1
# IO Buffers                       : 1
#      OBUF                        : 1
=========================================================================

Device utilization summary:
---------------------------

Selected Device : 3s500efg320-4 

 Number of Slices:                       28  out of   4656     0%  
 Number of Slice Flip Flops:             31  out of   9312     0%  
 Number of 4 input LUTs:                 54  out of   9312     0%  
 Number of IOs:                           2
 Number of bonded IOBs:                   2  out of    232     0%  
 Number of GCLKs:                         1  out of     24     4%  

---------------------------
Partition Resource Summary:
---------------------------

  No Partitions were found in this design.

---------------------------


=========================================================================
TIMING REPORT

NOTE: THESE TIMING NUMBERS ARE ONLY A SYNTHESIS ESTIMATE.
      FOR ACCURATE TIMING INFORMATION PLEASE REFER TO THE TRACE REPORT
      GENERATED AFTER PLACE-and-ROUTE.

Clock Information:
------------------
-----------------------------------+------------------------+-------+
Clock Signal                       | Clock buffer(FF name)  | Load  |
-----------------------------------+------------------------+-------+
clki                               | BUFGP                  | 31    |
-----------------------------------+------------------------+-------+

Asynchronous Control Signals Information:
----------------------------------------
No asynchronous control signals found in this design

Timing Summary:
---------------
Speed Grade: -4

   Minimum period: 5.323ns (Maximum Frequency: 187.868MHz)
   Minimum input arrival time before clock: No path found
   Maximum output required time after clock: 8.448ns
   Maximum combinational path delay: No path found

Timing Detail:
--------------
All values displayed in nanoseconds (ns)

=========================================================================
Timing constraint: Default period analysis for Clock 'clki'
  Clock period: 5.323ns (frequency: 187.868MHz)
  Total number of paths / destination ports: 1457 / 62
-------------------------------------------------------------------------
Delay:               5.323ns (Levels of Logic = 9)
  Source:            r_reg_8 (FF)
  Destination:       r_reg_0 (FF)
  Source Clock:      clki rising
  Destination Clock: clki rising

  Data Path: r_reg_8 to r_reg_0
                                Gate     Net
    Cell:in->out      fanout   Delay   Delay  Logical Name (Net Name)
    ----------------------------------------  ------------
     FDR:C->Q              3   0.591   0.706  r_reg_8 (r_reg_8)
     LUT3:I0->O            1   0.704   0.000  r_next_cmp_eq0000_wg_lut<0> (r_next_cmp_eq0000_wg_lut<0>)
     MUXCY:S->O            1   0.464   0.000  r_next_cmp_eq0000_wg_cy<0> (r_next_cmp_eq0000_wg_cy<0>)
     MUXCY:CI->O           1   0.059   0.000  r_next_cmp_eq0000_wg_cy<1> (r_next_cmp_eq0000_wg_cy<1>)
     MUXCY:CI->O           1   0.059   0.000  r_next_cmp_eq0000_wg_cy<2> (r_next_cmp_eq0000_wg_cy<2>)
     MUXCY:CI->O           1   0.059   0.000  r_next_cmp_eq0000_wg_cy<3> (r_next_cmp_eq0000_wg_cy<3>)
     MUXCY:CI->O           1   0.059   0.000  r_next_cmp_eq0000_wg_cy<4> (r_next_cmp_eq0000_wg_cy<4>)
     MUXCY:CI->O           1   0.059   0.000  r_next_cmp_eq0000_wg_cy<5> (r_next_cmp_eq0000_wg_cy<5>)
     MUXCY:CI->O           1   0.059   0.000  r_next_cmp_eq0000_wg_cy<6> (r_next_cmp_eq0000_wg_cy<6>)
     MUXCY:CI->O          31   0.331   1.262  r_next_cmp_eq0000_wg_cy<7> (r_next_cmp_eq0000)
     FDR:R                     0.911          r_reg_0
    ----------------------------------------
    Total                      5.323ns (3.355ns logic, 1.968ns route)
                                       (63.0% logic, 37.0% route)

=========================================================================
Timing constraint: Default OFFSET OUT AFTER for Clock 'clki'
  Total number of paths / destination ports: 31 / 1
-------------------------------------------------------------------------
Offset:              8.448ns (Levels of Logic = 17)
  Source:            r_reg_0 (FF)
  Destination:       clko (PAD)
  Source Clock:      clki rising

  Data Path: r_reg_0 to clko
                                Gate     Net
    Cell:in->out      fanout   Delay   Delay  Logical Name (Net Name)
    ----------------------------------------  ------------
     FDR:C->Q              3   0.591   0.706  r_reg_0 (r_reg_0)
     LUT4:I0->O            1   0.704   0.000  Mcompar_clko_cmp_le0000_lut<0> (Mcompar_clko_cmp_le0000_lut<0>)
     MUXCY:S->O            1   0.464   0.000  Mcompar_clko_cmp_le0000_cy<0> (Mcompar_clko_cmp_le0000_cy<0>)
     MUXCY:CI->O           1   0.059   0.000  Mcompar_clko_cmp_le0000_cy<1> (Mcompar_clko_cmp_le0000_cy<1>)
     MUXCY:CI->O           1   0.059   0.000  Mcompar_clko_cmp_le0000_cy<2> (Mcompar_clko_cmp_le0000_cy<2>)
     MUXCY:CI->O           1   0.059   0.000  Mcompar_clko_cmp_le0000_cy<3> (Mcompar_clko_cmp_le0000_cy<3>)
     MUXCY:CI->O           1   0.059   0.000  Mcompar_clko_cmp_le0000_cy<4> (Mcompar_clko_cmp_le0000_cy<4>)
     MUXCY:CI->O           1   0.059   0.000  Mcompar_clko_cmp_le0000_cy<5> (Mcompar_clko_cmp_le0000_cy<5>)
     MUXCY:CI->O           1   0.059   0.000  Mcompar_clko_cmp_le0000_cy<6> (Mcompar_clko_cmp_le0000_cy<6>)
     MUXCY:CI->O           1   0.059   0.000  Mcompar_clko_cmp_le0000_cy<7> (Mcompar_clko_cmp_le0000_cy<7>)
     MUXCY:CI->O           1   0.059   0.000  Mcompar_clko_cmp_le0000_cy<8> (Mcompar_clko_cmp_le0000_cy<8>)
     MUXCY:CI->O           1   0.059   0.000  Mcompar_clko_cmp_le0000_cy<9> (Mcompar_clko_cmp_le0000_cy<9>)
     MUXCY:CI->O           1   0.059   0.000  Mcompar_clko_cmp_le0000_cy<10> (Mcompar_clko_cmp_le0000_cy<10>)
     MUXCY:CI->O           1   0.059   0.000  Mcompar_clko_cmp_le0000_cy<11> (Mcompar_clko_cmp_le0000_cy<11>)
     MUXCY:CI->O           1   0.059   0.000  Mcompar_clko_cmp_le0000_cy<12> (Mcompar_clko_cmp_le0000_cy<12>)
     MUXCY:CI->O           1   0.459   0.420  Mcompar_clko_cmp_le0000_cy<13> (clko_cmp_le0000)
     INV:I->O              1   0.704   0.420  clko1_INV_0 (clko_OBUF)
     OBUF:I->O                 3.272          clko_OBUF (clko)
    ----------------------------------------
    Total                      8.448ns (6.902ns logic, 1.546ns route)
                                       (81.7% logic, 18.3% route)

=========================================================================


Total REAL time to Xst completion: 2.00 secs
Total CPU time to Xst completion: 1.90 secs
 
--> 


Total memory usage is 607316 kilobytes

Number of errors   :    0 (   0 filtered)
Number of warnings :    0 (   0 filtered)
Number of infos    :    0 (   0 filtered)

