--------------------------------------------------------------------------------
Release 14.7 Trace  (nt64)
Copyright (c) 1995-2013 Xilinx, Inc.  All rights reserved.

C:\Xilinx\14.7\ISE_DS\ISE\bin\nt64\unwrapped\trce.exe -intstyle ise -v 3 -s 4
-n 3 -fastpaths -xml main.twx main.ncd -o main.twr main.pcf -ucf chan.ucf

Design file:              main.ncd
Physical constraint file: main.pcf
Device,package,speed:     xc3s500e,fg320,-4 (PRODUCTION 1.27 2013-10-13)
Report level:             verbose report

Environment Variable      Effect 
--------------------      ------ 
NONE                      No environment variables were set
--------------------------------------------------------------------------------

INFO:Timing:2698 - No timing constraints found, doing default enumeration.
INFO:Timing:3412 - To improve timing, see the Timing Closure User Guide (UG612).
INFO:Timing:2752 - To get complete path coverage, use the unconstrained paths 
   option. All paths that are not constrained will be reported in the 
   unconstrained paths section(s) of the report.
INFO:Timing:3339 - The clock-to-out numbers in this timing report are based on 
   a 50 Ohm transmission line loading model.  For the details of this model, 
   and for more information on accounting for different loading conditions, 
   please see the device datasheet.
INFO:Timing:3390 - This architecture does not support a default System Jitter 
   value, please add SYSTEM_JITTER constraint to the UCF to modify the Clock 
   Uncertainty calculation.
INFO:Timing:3389 - This architecture does not support 'Discrete Jitter' and 
   'Phase Error' calculations, these terms will be zero in the Clock 
   Uncertainty calculation.  Please make appropriate modification to 
   SYSTEM_JITTER to account for the unsupported Discrete Jitter and Phase 
   Error.



Data Sheet report:
-----------------
All values displayed in nanoseconds (ns)

Pad to Pad
---------------+---------------+---------+
Source Pad     |Destination Pad|  Delay  |
---------------+---------------+---------+
A_bar<0>       |EO_bar         |   10.235|
A_bar<0>       |GS_bar         |   11.854|
A_bar<1>       |EO_bar         |    9.843|
A_bar<1>       |GS_bar         |   12.008|
A_bar<1>       |Y_bar<0>       |   12.024|
A_bar<2>       |EO_bar         |   10.298|
A_bar<2>       |GS_bar         |   11.106|
A_bar<2>       |Y_bar<0>       |   12.161|
A_bar<2>       |Y_bar<1>       |   11.787|
A_bar<3>       |EO_bar         |   10.989|
A_bar<3>       |GS_bar         |    9.747|
A_bar<3>       |Y_bar<0>       |   10.503|
A_bar<3>       |Y_bar<1>       |    9.597|
A_bar<4>       |EO_bar         |   11.169|
A_bar<4>       |GS_bar         |   12.080|
A_bar<4>       |Y_bar<0>       |   10.897|
A_bar<4>       |Y_bar<1>       |   10.912|
A_bar<4>       |Y_bar<2>       |   10.401|
A_bar<5>       |EO_bar         |   11.296|
A_bar<5>       |GS_bar         |   12.710|
A_bar<5>       |Y_bar<0>       |   11.127|
A_bar<5>       |Y_bar<1>       |   11.048|
A_bar<5>       |Y_bar<2>       |   11.031|
A_bar<6>       |EO_bar         |   10.367|
A_bar<6>       |GS_bar         |   11.290|
A_bar<6>       |Y_bar<0>       |    8.871|
A_bar<6>       |Y_bar<1>       |    8.699|
A_bar<6>       |Y_bar<2>       |    9.611|
A_bar<7>       |EO_bar         |    9.623|
A_bar<7>       |GS_bar         |   12.501|
A_bar<7>       |Y_bar<0>       |    9.668|
A_bar<7>       |Y_bar<1>       |   10.755|
A_bar<7>       |Y_bar<2>       |   10.822|
EI_bar         |EO_bar         |    9.694|
EI_bar         |GS_bar         |    9.751|
EI_bar         |Y_bar<0>       |    9.673|
EI_bar         |Y_bar<1>       |   10.692|
EI_bar         |Y_bar<2>       |    9.895|
---------------+---------------+---------+


Analysis completed Tue Nov 14 10:12:24 2023 
--------------------------------------------------------------------------------

Trace Settings:
-------------------------
Trace Settings 

Peak Memory Usage: 4509 MB



