Release 14.7 - xst P.20131013 (nt64)
Copyright (c) 1995-2013 Xilinx, Inc.  All rights reserved.
--> Parameter TMPDIR set to xst/projnav.tmp


Total REAL time to Xst completion: 0.00 secs
Total CPU time to Xst completion: 0.06 secs
 
--> Parameter xsthdpdir set to xst


Total REAL time to Xst completion: 0.00 secs
Total CPU time to Xst completion: 0.06 secs
 
--> Reading design: CounterDown.prj

TABLE OF CONTENTS
  1) Synthesis Options Summary
  2) HDL Compilation
  3) Design Hierarchy Analysis
  4) HDL Analysis
  5) HDL Synthesis
     5.1) HDL Synthesis Report
  6) Advanced HDL Synthesis
     6.1) Advanced HDL Synthesis Report
  7) Low Level Synthesis
  8) Partition Report
  9) Final Report
	9.1) Device utilization summary
	9.2) Partition Resource Summary
	9.3) TIMING REPORT


=========================================================================
*                      Synthesis Options Summary                        *
=========================================================================
---- Source Parameters
Input File Name                    : "CounterDown.prj"
Input Format                       : mixed
Ignore Synthesis Constraint File   : NO

---- Target Parameters
Output File Name                   : "CounterDown"
Output Format                      : NGC
Target Device                      : xc3s500e-4-fg320

---- Source Options
Top Module Name                    : CounterDown
Automatic FSM Extraction           : YES
FSM Encoding Algorithm             : Auto
Safe Implementation                : No
FSM Style                          : LUT
RAM Extraction                     : Yes
RAM Style                          : Auto
ROM Extraction                     : Yes
Mux Style                          : Auto
Decoder Extraction                 : YES
Priority Encoder Extraction        : Yes
Shift Register Extraction          : YES
Logical Shifter Extraction         : YES
XOR Collapsing                     : YES
ROM Style                          : Auto
Mux Extraction                     : Yes
Resource Sharing                   : YES
Asynchronous To Synchronous        : NO
Multiplier Style                   : Auto
Automatic Register Balancing       : No

---- Target Options
Add IO Buffers                     : YES
Global Maximum Fanout              : 500
Add Generic Clock Buffer(BUFG)     : 24
Register Duplication               : YES
Slice Packing                      : YES
Optimize Instantiated Primitives   : NO
Use Clock Enable                   : Yes
Use Synchronous Set                : Yes
Use Synchronous Reset              : Yes
Pack IO Registers into IOBs        : Auto
Equivalent register Removal        : YES

---- General Options
Optimization Goal                  : Speed
Optimization Effort                : 1
Keep Hierarchy                     : No
Netlist Hierarchy                  : As_Optimized
RTL Output                         : Yes
Global Optimization                : AllClockNets
Read Cores                         : YES
Write Timing Constraints           : NO
Cross Clock Analysis               : NO
Hierarchy Separator                : /
Bus Delimiter                      : <>
Case Specifier                     : Maintain
Slice Utilization Ratio            : 100
BRAM Utilization Ratio             : 100
Verilog 2001                       : YES
Auto BRAM Packing                  : NO
Slice Utilization Ratio Delta      : 5

=========================================================================


=========================================================================
*                          HDL Compilation                              *
=========================================================================
Compiling verilog file "../ClockDivision/ClkDiv.v" in library work
Compiling verilog file "../Dem_xuong_4bit/Dem_xuong_4bit.v" in library work
Module <ClkDiv> compiled
Compiling verilog file "../ClockDivision/ClockDivision.v" in library work
Module <Dem_xuong_4bit> compiled
Compiling verilog file "CounterDown.v" in library work
Module <ClockDivision> compiled
Module <CounterDown> compiled
No errors in compilation
Analysis of file <"CounterDown.prj"> succeeded.
 

=========================================================================
*                     Design Hierarchy Analysis                         *
=========================================================================
Analyzing hierarchy for module <CounterDown> in library <work>.

Analyzing hierarchy for module <ClockDivision> in library <work>.

Analyzing hierarchy for module <Dem_xuong_4bit> in library <work>.

Analyzing hierarchy for module <ClkDiv> in library <work> with parameters.
	M = "00000101111101011110000100000000"


=========================================================================
*                            HDL Analysis                               *
=========================================================================
Analyzing top module <CounterDown>.
Module <CounterDown> is correct for synthesis.
 
Analyzing module <ClockDivision> in library <work>.
Module <ClockDivision> is correct for synthesis.
 
Analyzing module <ClkDiv> in library <work>.
	M = 32'sb00000101111101011110000100000000
Module <ClkDiv> is correct for synthesis.
 
Analyzing module <Dem_xuong_4bit> in library <work>.
Module <Dem_xuong_4bit> is correct for synthesis.
 

=========================================================================
*                           HDL Synthesis                               *
=========================================================================

Performing bidirectional port resolution...

Synthesizing Unit <Dem_xuong_4bit>.
    Related source file is "../Dem_xuong_4bit/Dem_xuong_4bit.v".
    Found 4-bit down counter for signal <r_reg>.
    Summary:
	inferred   1 Counter(s).
Unit <Dem_xuong_4bit> synthesized.


Synthesizing Unit <ClkDiv>.
    Related source file is "../ClockDivision/ClkDiv.v".
    Found 41-bit comparator lessequal for signal <clk_out$cmp_le0000> created at line 35.
    Found 41-bit adder for signal <r_next$addsub0000> created at line 34.
    Found 41-bit comparator equal for signal <r_next$cmp_eq0000> created at line 34.
    Found 41-bit register for signal <r_reg>.
    Summary:
	inferred  41 D-type flip-flop(s).
	inferred   1 Adder/Subtractor(s).
	inferred   2 Comparator(s).
Unit <ClkDiv> synthesized.


Synthesizing Unit <ClockDivision>.
    Related source file is "../ClockDivision/ClockDivision.v".
Unit <ClockDivision> synthesized.


Synthesizing Unit <CounterDown>.
    Related source file is "CounterDown.v".
Unit <CounterDown> synthesized.


=========================================================================
HDL Synthesis Report

Macro Statistics
# Adders/Subtractors                                   : 1
 41-bit adder                                          : 1
# Counters                                             : 1
 4-bit down counter                                    : 1
# Registers                                            : 1
 41-bit register                                       : 1
# Comparators                                          : 2
 41-bit comparator equal                               : 1
 41-bit comparator lessequal                           : 1

=========================================================================

=========================================================================
*                       Advanced HDL Synthesis                          *
=========================================================================


=========================================================================
Advanced HDL Synthesis Report

Macro Statistics
# Adders/Subtractors                                   : 1
 41-bit adder                                          : 1
# Counters                                             : 1
 4-bit down counter                                    : 1
# Registers                                            : 41
 Flip-Flops                                            : 41
# Comparators                                          : 2
 41-bit comparator equal                               : 1
 41-bit comparator lessequal                           : 1

=========================================================================

=========================================================================
*                         Low Level Synthesis                           *
=========================================================================

Optimizing unit <CounterDown> ...

Optimizing unit <ClkDiv> ...

Mapping all equations...
Building and optimizing final netlist ...
Found area constraint ratio of 100 (+ 5) on block CounterDown, actual ratio is 0.

Final Macro Processing ...

=========================================================================
Final Register Report

Macro Statistics
# Registers                                            : 45
 Flip-Flops                                            : 45

=========================================================================

=========================================================================
*                           Partition Report                            *
=========================================================================

Partition Implementation Status
-------------------------------

  No Partitions were found in this design.

-------------------------------

=========================================================================
*                            Final Report                               *
=========================================================================
Final Results
RTL Top Level Output File Name     : CounterDown.ngr
Top Level Output File Name         : CounterDown
Output Format                      : NGC
Optimization Goal                  : Speed
Keep Hierarchy                     : No

Design Statistics
# IOs                              : 6

Cell Usage :
# BELS                             : 182
#      GND                         : 1
#      INV                         : 6
#      LUT1                        : 44
#      LUT2                        : 1
#      LUT3                        : 3
#      LUT4                        : 18
#      MUXCY                       : 67
#      VCC                         : 1
#      XORCY                       : 41
# FlipFlops/Latches                : 45
#      FDP                         : 4
#      FDR                         : 41
# Clock Buffers                    : 1
#      BUFGP                       : 1
# IO Buffers                       : 5
#      IBUF                        : 1
#      OBUF                        : 4
=========================================================================

Device utilization summary:
---------------------------

Selected Device : 3s500efg320-4 

 Number of Slices:                       40  out of   4656     0%  
 Number of Slice Flip Flops:             45  out of   9312     0%  
 Number of 4 input LUTs:                 72  out of   9312     0%  
 Number of IOs:                           6
 Number of bonded IOBs:                   6  out of    232     2%  
 Number of GCLKs:                         1  out of     24     4%  

---------------------------
Partition Resource Summary:
---------------------------

  No Partitions were found in this design.

---------------------------


=========================================================================
TIMING REPORT

NOTE: THESE TIMING NUMBERS ARE ONLY A SYNTHESIS ESTIMATE.
      FOR ACCURATE TIMING INFORMATION PLEASE REFER TO THE TRACE REPORT
      GENERATED AFTER PLACE-and-ROUTE.

Clock Information:
------------------
------------------------------------------------+------------------------+-------+
Clock Signal                                    | Clock buffer(FF name)  | Load  |
------------------------------------------------+------------------------+-------+
CLK0(CD/CD0/Mcompar_clk_out_cmp_le0000_cy<15>:O)| NONE(*)(Dem/r_reg_0)   | 4     |
clk                                             | BUFGP                  | 41    |
------------------------------------------------+------------------------+-------+
(*) This 1 clock signal(s) are generated by combinatorial logic,
and XST is not able to identify which are the primary clock signals.
Please use the CLOCK_SIGNAL constraint to specify the clock signal(s) generated by combinatorial logic.
INFO:Xst:2169 - HDL ADVISOR - Some clock signals were not automatically buffered by XST with BUFG/BUFR resources. Please use the buffer_type constraint in order to insert these buffers to the clock signals to help prevent skew problems.

Asynchronous Control Signals Information:
----------------------------------------
-----------------------------------+------------------------+-------+
Control Signal                     | Buffer(FF name)        | Load  |
-----------------------------------+------------------------+-------+
rs                                 | IBUF                   | 4     |
-----------------------------------+------------------------+-------+

Timing Summary:
---------------
Speed Grade: -4

   Minimum period: 5.819ns (Maximum Frequency: 171.851MHz)
   Minimum input arrival time before clock: No path found
   Maximum output required time after clock: 4.496ns
   Maximum combinational path delay: No path found

Timing Detail:
--------------
All values displayed in nanoseconds (ns)

=========================================================================
Timing constraint: Default period analysis for Clock 'CLK0'
  Clock period: 2.656ns (frequency: 376.506MHz)
  Total number of paths / destination ports: 10 / 4
-------------------------------------------------------------------------
Delay:               2.656ns (Levels of Logic = 1)
  Source:            Dem/r_reg_0 (FF)
  Destination:       Dem/r_reg_0 (FF)
  Source Clock:      CLK0 rising
  Destination Clock: CLK0 rising

  Data Path: Dem/r_reg_0 to Dem/r_reg_0
                                Gate     Net
    Cell:in->out      fanout   Delay   Delay  Logical Name (Net Name)
    ----------------------------------------  ------------
     FDP:C->Q              5   0.591   0.633  Dem/r_reg_0 (Dem/r_reg_0)
     INV:I->O              1   0.704   0.420  Dem/Mcount_r_reg_xor<0>11_INV_0 (Result<0>)
     FDP:D                     0.308          Dem/r_reg_0
    ----------------------------------------
    Total                      2.656ns (1.603ns logic, 1.053ns route)
                                       (60.4% logic, 39.6% route)

=========================================================================
Timing constraint: Default period analysis for Clock 'clk'
  Clock period: 5.819ns (frequency: 171.851MHz)
  Total number of paths / destination ports: 2542 / 82
-------------------------------------------------------------------------
Delay:               5.819ns (Levels of Logic = 41)
  Source:            CD/CD0/r_reg_1 (FF)
  Destination:       CD/CD0/r_reg_40 (FF)
  Source Clock:      clk rising
  Destination Clock: clk rising

  Data Path: CD/CD0/r_reg_1 to CD/CD0/r_reg_40
                                Gate     Net
    Cell:in->out      fanout   Delay   Delay  Logical Name (Net Name)
    ----------------------------------------  ------------
     FDR:C->Q              3   0.591   0.706  CD/CD0/r_reg_1 (CD/CD0/r_reg_1)
     LUT1:I0->O            1   0.704   0.000  CD/CD0/Madd_r_next_addsub0000_cy<1>_rt (CD/CD0/Madd_r_next_addsub0000_cy<1>_rt)
     MUXCY:S->O            1   0.464   0.000  CD/CD0/Madd_r_next_addsub0000_cy<1> (CD/CD0/Madd_r_next_addsub0000_cy<1>)
     MUXCY:CI->O           1   0.059   0.000  CD/CD0/Madd_r_next_addsub0000_cy<2> (CD/CD0/Madd_r_next_addsub0000_cy<2>)
     MUXCY:CI->O           1   0.059   0.000  CD/CD0/Madd_r_next_addsub0000_cy<3> (CD/CD0/Madd_r_next_addsub0000_cy<3>)
     MUXCY:CI->O           1   0.059   0.000  CD/CD0/Madd_r_next_addsub0000_cy<4> (CD/CD0/Madd_r_next_addsub0000_cy<4>)
     MUXCY:CI->O           1   0.059   0.000  CD/CD0/Madd_r_next_addsub0000_cy<5> (CD/CD0/Madd_r_next_addsub0000_cy<5>)
     MUXCY:CI->O           1   0.059   0.000  CD/CD0/Madd_r_next_addsub0000_cy<6> (CD/CD0/Madd_r_next_addsub0000_cy<6>)
     MUXCY:CI->O           1   0.059   0.000  CD/CD0/Madd_r_next_addsub0000_cy<7> (CD/CD0/Madd_r_next_addsub0000_cy<7>)
     MUXCY:CI->O           1   0.059   0.000  CD/CD0/Madd_r_next_addsub0000_cy<8> (CD/CD0/Madd_r_next_addsub0000_cy<8>)
     MUXCY:CI->O           1   0.059   0.000  CD/CD0/Madd_r_next_addsub0000_cy<9> (CD/CD0/Madd_r_next_addsub0000_cy<9>)
     MUXCY:CI->O           1   0.059   0.000  CD/CD0/Madd_r_next_addsub0000_cy<10> (CD/CD0/Madd_r_next_addsub0000_cy<10>)
     MUXCY:CI->O           1   0.059   0.000  CD/CD0/Madd_r_next_addsub0000_cy<11> (CD/CD0/Madd_r_next_addsub0000_cy<11>)
     MUXCY:CI->O           1   0.059   0.000  CD/CD0/Madd_r_next_addsub0000_cy<12> (CD/CD0/Madd_r_next_addsub0000_cy<12>)
     MUXCY:CI->O           1   0.059   0.000  CD/CD0/Madd_r_next_addsub0000_cy<13> (CD/CD0/Madd_r_next_addsub0000_cy<13>)
     MUXCY:CI->O           1   0.059   0.000  CD/CD0/Madd_r_next_addsub0000_cy<14> (CD/CD0/Madd_r_next_addsub0000_cy<14>)
     MUXCY:CI->O           1   0.059   0.000  CD/CD0/Madd_r_next_addsub0000_cy<15> (CD/CD0/Madd_r_next_addsub0000_cy<15>)
     MUXCY:CI->O           1   0.059   0.000  CD/CD0/Madd_r_next_addsub0000_cy<16> (CD/CD0/Madd_r_next_addsub0000_cy<16>)
     MUXCY:CI->O           1   0.059   0.000  CD/CD0/Madd_r_next_addsub0000_cy<17> (CD/CD0/Madd_r_next_addsub0000_cy<17>)
     MUXCY:CI->O           1   0.059   0.000  CD/CD0/Madd_r_next_addsub0000_cy<18> (CD/CD0/Madd_r_next_addsub0000_cy<18>)
     MUXCY:CI->O           1   0.059   0.000  CD/CD0/Madd_r_next_addsub0000_cy<19> (CD/CD0/Madd_r_next_addsub0000_cy<19>)
     MUXCY:CI->O           1   0.059   0.000  CD/CD0/Madd_r_next_addsub0000_cy<20> (CD/CD0/Madd_r_next_addsub0000_cy<20>)
     MUXCY:CI->O           1   0.059   0.000  CD/CD0/Madd_r_next_addsub0000_cy<21> (CD/CD0/Madd_r_next_addsub0000_cy<21>)
     MUXCY:CI->O           1   0.059   0.000  CD/CD0/Madd_r_next_addsub0000_cy<22> (CD/CD0/Madd_r_next_addsub0000_cy<22>)
     MUXCY:CI->O           1   0.059   0.000  CD/CD0/Madd_r_next_addsub0000_cy<23> (CD/CD0/Madd_r_next_addsub0000_cy<23>)
     MUXCY:CI->O           1   0.059   0.000  CD/CD0/Madd_r_next_addsub0000_cy<24> (CD/CD0/Madd_r_next_addsub0000_cy<24>)
     MUXCY:CI->O           1   0.059   0.000  CD/CD0/Madd_r_next_addsub0000_cy<25> (CD/CD0/Madd_r_next_addsub0000_cy<25>)
     MUXCY:CI->O           1   0.059   0.000  CD/CD0/Madd_r_next_addsub0000_cy<26> (CD/CD0/Madd_r_next_addsub0000_cy<26>)
     MUXCY:CI->O           1   0.059   0.000  CD/CD0/Madd_r_next_addsub0000_cy<27> (CD/CD0/Madd_r_next_addsub0000_cy<27>)
     MUXCY:CI->O           1   0.059   0.000  CD/CD0/Madd_r_next_addsub0000_cy<28> (CD/CD0/Madd_r_next_addsub0000_cy<28>)
     MUXCY:CI->O           1   0.059   0.000  CD/CD0/Madd_r_next_addsub0000_cy<29> (CD/CD0/Madd_r_next_addsub0000_cy<29>)
     MUXCY:CI->O           1   0.059   0.000  CD/CD0/Madd_r_next_addsub0000_cy<30> (CD/CD0/Madd_r_next_addsub0000_cy<30>)
     MUXCY:CI->O           1   0.059   0.000  CD/CD0/Madd_r_next_addsub0000_cy<31> (CD/CD0/Madd_r_next_addsub0000_cy<31>)
     MUXCY:CI->O           1   0.059   0.000  CD/CD0/Madd_r_next_addsub0000_cy<32> (CD/CD0/Madd_r_next_addsub0000_cy<32>)
     MUXCY:CI->O           1   0.059   0.000  CD/CD0/Madd_r_next_addsub0000_cy<33> (CD/CD0/Madd_r_next_addsub0000_cy<33>)
     MUXCY:CI->O           1   0.059   0.000  CD/CD0/Madd_r_next_addsub0000_cy<34> (CD/CD0/Madd_r_next_addsub0000_cy<34>)
     MUXCY:CI->O           1   0.059   0.000  CD/CD0/Madd_r_next_addsub0000_cy<35> (CD/CD0/Madd_r_next_addsub0000_cy<35>)
     MUXCY:CI->O           1   0.059   0.000  CD/CD0/Madd_r_next_addsub0000_cy<36> (CD/CD0/Madd_r_next_addsub0000_cy<36>)
     MUXCY:CI->O           1   0.059   0.000  CD/CD0/Madd_r_next_addsub0000_cy<37> (CD/CD0/Madd_r_next_addsub0000_cy<37>)
     MUXCY:CI->O           1   0.059   0.000  CD/CD0/Madd_r_next_addsub0000_cy<38> (CD/CD0/Madd_r_next_addsub0000_cy<38>)
     MUXCY:CI->O           0   0.059   0.000  CD/CD0/Madd_r_next_addsub0000_cy<39> (CD/CD0/Madd_r_next_addsub0000_cy<39>)
     XORCY:CI->O           1   0.804   0.000  CD/CD0/Madd_r_next_addsub0000_xor<40> (CD/CD0/r_next_addsub0000<40>)
     FDR:D                     0.308          CD/CD0/r_reg_40
    ----------------------------------------
    Total                      5.819ns (5.113ns logic, 0.706ns route)
                                       (87.9% logic, 12.1% route)

=========================================================================
Timing constraint: Default OFFSET OUT AFTER for Clock 'CLK0'
  Total number of paths / destination ports: 4 / 4
-------------------------------------------------------------------------
Offset:              4.496ns (Levels of Logic = 1)
  Source:            Dem/r_reg_0 (FF)
  Destination:       q<0> (PAD)
  Source Clock:      CLK0 rising

  Data Path: Dem/r_reg_0 to q<0>
                                Gate     Net
    Cell:in->out      fanout   Delay   Delay  Logical Name (Net Name)
    ----------------------------------------  ------------
     FDP:C->Q              5   0.591   0.633  Dem/r_reg_0 (Dem/r_reg_0)
     OBUF:I->O                 3.272          q_0_OBUF (q<0>)
    ----------------------------------------
    Total                      4.496ns (3.863ns logic, 0.633ns route)
                                       (85.9% logic, 14.1% route)

=========================================================================


Total REAL time to Xst completion: 3.00 secs
Total CPU time to Xst completion: 2.61 secs
 
--> 

Total memory usage is 4514096 kilobytes

Number of errors   :    0 (   0 filtered)
Number of warnings :    0 (   0 filtered)
Number of infos    :    1 (   0 filtered)

