MO sang_dich NULL sang_dich.v vlg2C/sang__dich.bin 1701133495
MO sangdich NULL sangdich.v vlg49/sangdich.bin 1701133495
MO sang_dich_1 NULL sang_dich_1.v vlg58/sang__dich__1.bin 1700536266
MO top NULL top.v vlg6F/top.bin 1701133495
MO xung_clk NULL xung_clk.v vlg07/xung__clk.bin 1701133495
MO TM1638 NULL TM1638.v vlg4B/_t_m1638.bin 1701133495
MO ClockDiv NULL ClockDiv.v vlg27/_clock_div.bin 1701133495
