MO dem_giay NULL dem_giay.v vlg0B/dem__giay.bin 1701613567
MO dem_phut NULL dem_phut.v vlg36/dem__phut.bin 1701613567
MO dem_gio NULL dem_gio.v vlg78/dem__gio.bin 1701613567
MO main NULL main.v vlg2D/main.bin 1701613567
MO tao_xung1hz NULL tao_xung1hz.v vlg70/tao__xung1hz.bin 1701613567
MO dong_ho NULL dong_ho.v vlg16/dong__ho.bin 1701136206
MO TM1638 NULL TM1638.v vlg4B/_t_m1638.bin 1701613567
MO ClockDiv NULL ClockDiv.v vlg27/_clock_div.bin 1701613567
MO Dong_ho NULL Dong_ho.v vlg76/_dong__ho.bin 1701613567
