--------------------------------------------------------------------------------
Release 14.7 Trace  (nt64)
Copyright (c) 1995-2013 Xilinx, Inc.  All rights reserved.

C:\Xilinx\14.7\ISE_DS\ISE\bin\nt64\unwrapped\trce.exe -intstyle ise -v 3 -s 5
-n 3 -fastpaths -xml de3to8.twx de3to8.ncd -o de3to8.twr de3to8.pcf -ucf
kit.ucf

Design file:              de3to8.ncd
Physical constraint file: de3to8.pcf
Device,package,speed:     xc3s500e,fg320,-5 (PRODUCTION 1.27 2013-10-13)
Report level:             verbose report

Environment Variable      Effect 
--------------------      ------ 
NONE                      No environment variables were set
--------------------------------------------------------------------------------

INFO:Timing:2698 - No timing constraints found, doing default enumeration.
INFO:Timing:3412 - To improve timing, see the Timing Closure User Guide (UG612).
INFO:Timing:2752 - To get complete path coverage, use the unconstrained paths 
   option. All paths that are not constrained will be reported in the 
   unconstrained paths section(s) of the report.
INFO:Timing:3339 - The clock-to-out numbers in this timing report are based on 
   a 50 Ohm transmission line loading model.  For the details of this model, 
   and for more information on accounting for different loading conditions, 
   please see the device datasheet.
INFO:Timing:3390 - This architecture does not support a default System Jitter 
   value, please add SYSTEM_JITTER constraint to the UCF to modify the Clock 
   Uncertainty calculation.
INFO:Timing:3389 - This architecture does not support 'Discrete Jitter' and 
   'Phase Error' calculations, these terms will be zero in the Clock 
   Uncertainty calculation.  Please make appropriate modification to 
   SYSTEM_JITTER to account for the unsupported Discrete Jitter and Phase 
   Error.



Data Sheet report:
-----------------
All values displayed in nanoseconds (ns)

Pad to Pad
---------------+---------------+---------+
Source Pad     |Destination Pad|  Delay  |
---------------+---------------+---------+
en             |out<0>         |    8.148|
en             |out<1>         |    8.500|
en             |out<2>         |    8.437|
en             |out<3>         |    8.361|
en             |out<4>         |    8.424|
en             |out<5>         |    8.471|
en             |out<6>         |    9.759|
en             |out<7>         |    9.248|
in<0>          |out<0>         |    7.821|
in<0>          |out<1>         |    8.200|
in<0>          |out<2>         |    8.110|
in<0>          |out<3>         |    8.061|
in<0>          |out<4>         |    8.028|
in<0>          |out<5>         |    8.108|
in<0>          |out<6>         |    9.474|
in<0>          |out<7>         |    8.992|
in<1>          |out<0>         |    8.155|
in<1>          |out<1>         |    8.557|
in<1>          |out<2>         |    8.444|
in<1>          |out<3>         |    8.418|
in<1>          |out<4>         |    8.319|
in<1>          |out<5>         |    8.422|
in<1>          |out<6>         |    9.671|
in<1>          |out<7>         |    9.194|
in<2>          |out<0>         |    8.045|
in<2>          |out<1>         |    8.391|
in<2>          |out<2>         |    8.334|
in<2>          |out<3>         |    8.252|
in<2>          |out<4>         |    7.420|
in<2>          |out<5>         |    7.473|
in<2>          |out<6>         |    9.477|
in<2>          |out<7>         |    8.944|
---------------+---------------+---------+


Analysis completed Tue Oct 24 09:38:22 2023 
--------------------------------------------------------------------------------

Trace Settings:
-------------------------
Trace Settings 

Peak Memory Usage: 4509 MB



