Release 14.7 - xst P.20131013 (nt64)
Copyright (c) 1995-2013 Xilinx, Inc.  All rights reserved.
--> Parameter TMPDIR set to xst/projnav.tmp


Total REAL time to Xst completion: 0.00 secs
Total CPU time to Xst completion: 0.08 secs
 
--> Parameter xsthdpdir set to xst


Total REAL time to Xst completion: 0.00 secs
Total CPU time to Xst completion: 0.08 secs
 
--> Reading design: tong.prj

TABLE OF CONTENTS
  1) Synthesis Options Summary
  2) HDL Compilation
  3) Design Hierarchy Analysis
  4) HDL Analysis
  5) HDL Synthesis
     5.1) HDL Synthesis Report
  6) Advanced HDL Synthesis
     6.1) Advanced HDL Synthesis Report
  7) Low Level Synthesis
  8) Partition Report
  9) Final Report
	9.1) Device utilization summary
	9.2) Partition Resource Summary
	9.3) TIMING REPORT


=========================================================================
*                      Synthesis Options Summary                        *
=========================================================================
---- Source Parameters
Input File Name                    : "tong.prj"
Input Format                       : mixed
Ignore Synthesis Constraint File   : NO

---- Target Parameters
Output File Name                   : "tong"
Output Format                      : NGC
Target Device                      : xc3s500e-4-fg320

---- Source Options
Top Module Name                    : tong
Automatic FSM Extraction           : YES
FSM Encoding Algorithm             : Auto
Safe Implementation                : No
FSM Style                          : LUT
RAM Extraction                     : Yes
RAM Style                          : Auto
ROM Extraction                     : Yes
Mux Style                          : Auto
Decoder Extraction                 : YES
Priority Encoder Extraction        : Yes
Shift Register Extraction          : YES
Logical Shifter Extraction         : YES
XOR Collapsing                     : YES
ROM Style                          : Auto
Mux Extraction                     : Yes
Resource Sharing                   : YES
Asynchronous To Synchronous        : NO
Multiplier Style                   : Auto
Automatic Register Balancing       : No

---- Target Options
Add IO Buffers                     : YES
Global Maximum Fanout              : 100000
Add Generic Clock Buffer(BUFG)     : 24
Register Duplication               : YES
Slice Packing                      : YES
Optimize Instantiated Primitives   : NO
Use Clock Enable                   : Yes
Use Synchronous Set                : Yes
Use Synchronous Reset              : Yes
Pack IO Registers into IOBs        : Auto
Equivalent register Removal        : YES

---- General Options
Optimization Goal                  : Speed
Optimization Effort                : 1
Keep Hierarchy                     : No
Netlist Hierarchy                  : As_Optimized
RTL Output                         : Yes
Global Optimization                : AllClockNets
Read Cores                         : YES
Write Timing Constraints           : NO
Cross Clock Analysis               : NO
Hierarchy Separator                : /
Bus Delimiter                      : <>
Case Specifier                     : Maintain
Slice Utilization Ratio            : 100
BRAM Utilization Ratio             : 100
Verilog 2001                       : YES
Auto BRAM Packing                  : NO
Slice Utilization Ratio Delta      : 5

=========================================================================


=========================================================================
*                          HDL Compilation                              *
=========================================================================
Compiling verilog file "dich.v" in library work
Compiling verilog file "chiaxung.v" in library work
Module <dich> compiled
Compiling verilog file "tong.v" in library work
Module <chiaxung> compiled
Module <tong> compiled
No errors in compilation
Analysis of file <"tong.prj"> succeeded.
 

=========================================================================
*                     Design Hierarchy Analysis                         *
=========================================================================
Analyzing hierarchy for module <tong> in library <work>.

Analyzing hierarchy for module <chiaxung> in library <work>.

Analyzing hierarchy for module <dich> in library <work>.


=========================================================================
*                            HDL Analysis                               *
=========================================================================
Analyzing top module <tong>.
Module <tong> is correct for synthesis.
 
Analyzing module <chiaxung> in library <work>.
Module <chiaxung> is correct for synthesis.
 
Analyzing module <dich> in library <work>.
Module <dich> is correct for synthesis.
 

=========================================================================
*                           HDL Synthesis                               *
=========================================================================

Performing bidirectional port resolution...

Synthesizing Unit <chiaxung>.
    Related source file is "chiaxung.v".
    Found 1-bit register for signal <clk_hz>.
    Found 27-bit adder for signal <r_next$addsub0000> created at line 37.
    Found 27-bit register for signal <r_reg>.
    Summary:
	inferred  28 D-type flip-flop(s).
	inferred   1 Adder/Subtractor(s).
Unit <chiaxung> synthesized.


Synthesizing Unit <dich>.
    Related source file is "dich.v".
    Found 8-bit register for signal <d>.
    Found 8-bit comparator lessequal for signal <d$cmp_le0000> created at line 33.
    Summary:
	inferred   8 D-type flip-flop(s).
	inferred   1 Comparator(s).
Unit <dich> synthesized.


Synthesizing Unit <tong>.
    Related source file is "tong.v".
Unit <tong> synthesized.


=========================================================================
HDL Synthesis Report

Macro Statistics
# Adders/Subtractors                                   : 1
 27-bit adder                                          : 1
# Registers                                            : 3
 1-bit register                                        : 1
 27-bit register                                       : 1
 8-bit register                                        : 1
# Comparators                                          : 1
 8-bit comparator lessequal                            : 1

=========================================================================

=========================================================================
*                       Advanced HDL Synthesis                          *
=========================================================================


=========================================================================
Advanced HDL Synthesis Report

Macro Statistics
# Adders/Subtractors                                   : 1
 27-bit adder                                          : 1
# Registers                                            : 36
 Flip-Flops                                            : 36
# Comparators                                          : 1
 8-bit comparator lessequal                            : 1

=========================================================================

=========================================================================
*                         Low Level Synthesis                           *
=========================================================================

Optimizing unit <tong> ...

Optimizing unit <chiaxung> ...

Optimizing unit <dich> ...

Mapping all equations...
Building and optimizing final netlist ...
Found area constraint ratio of 100 (+ 5) on block tong, actual ratio is 0.

Final Macro Processing ...

=========================================================================
Final Register Report

Macro Statistics
# Registers                                            : 36
 Flip-Flops                                            : 36

=========================================================================

=========================================================================
*                           Partition Report                            *
=========================================================================

Partition Implementation Status
-------------------------------

  No Partitions were found in this design.

-------------------------------

=========================================================================
*                            Final Report                               *
=========================================================================
Final Results
RTL Top Level Output File Name     : tong.ngr
Top Level Output File Name         : tong
Output Format                      : NGC
Optimization Goal                  : Speed
Keep Hierarchy                     : No

Design Statistics
# IOs                              : 10

Cell Usage :
# BELS                             : 121
#      GND                         : 1
#      INV                         : 2
#      LUT1                        : 26
#      LUT2                        : 1
#      LUT3                        : 8
#      LUT4                        : 15
#      MUXCY                       : 40
#      VCC                         : 1
#      XORCY                       : 27
# FlipFlops/Latches                : 36
#      FDE                         : 1
#      FDP                         : 8
#      FDR                         : 27
# Clock Buffers                    : 1
#      BUFGP                       : 1
# IO Buffers                       : 9
#      IBUF                        : 1
#      OBUF                        : 8
=========================================================================

Device utilization summary:
---------------------------

Selected Device : 3s500efg320-4 

 Number of Slices:                       33  out of   4656     0%  
 Number of Slice Flip Flops:             36  out of   9312     0%  
 Number of 4 input LUTs:                 52  out of   9312     0%  
 Number of IOs:                          10
 Number of bonded IOBs:                  10  out of    232     4%  
 Number of GCLKs:                         1  out of     24     4%  

---------------------------
Partition Resource Summary:
---------------------------

  No Partitions were found in this design.

---------------------------


=========================================================================
TIMING REPORT

NOTE: THESE TIMING NUMBERS ARE ONLY A SYNTHESIS ESTIMATE.
      FOR ACCURATE TIMING INFORMATION PLEASE REFER TO THE TRACE REPORT
      GENERATED AFTER PLACE-and-ROUTE.

Clock Information:
------------------
-----------------------------------+------------------------+-------+
Clock Signal                       | Clock buffer(FF name)  | Load  |
-----------------------------------+------------------------+-------+
CLK                                | BUFGP                  | 28    |
hi0/clk_hz                         | NONE(hi1/d_7)          | 8     |
-----------------------------------+------------------------+-------+
INFO:Xst:2169 - HDL ADVISOR - Some clock signals were not automatically buffered by XST with BUFG/BUFR resources. Please use the buffer_type constraint in order to insert these buffers to the clock signals to help prevent skew problems.

Asynchronous Control Signals Information:
----------------------------------------
-----------------------------------+------------------------+-------+
Control Signal                     | Buffer(FF name)        | Load  |
-----------------------------------+------------------------+-------+
rs                                 | IBUF                   | 8     |
-----------------------------------+------------------------+-------+

Timing Summary:
---------------
Speed Grade: -4

   Minimum period: 7.467ns (Maximum Frequency: 133.923MHz)
   Minimum input arrival time before clock: No path found
   Maximum output required time after clock: 4.394ns
   Maximum combinational path delay: No path found

Timing Detail:
--------------
All values displayed in nanoseconds (ns)

=========================================================================
Timing constraint: Default period analysis for Clock 'CLK'
  Clock period: 7.467ns (frequency: 133.923MHz)
  Total number of paths / destination ports: 1513 / 56
-------------------------------------------------------------------------
Delay:               7.467ns (Levels of Logic = 29)
  Source:            hi0/r_reg_1 (FF)
  Destination:       hi0/clk_hz (FF)
  Source Clock:      CLK rising
  Destination Clock: CLK rising

  Data Path: hi0/r_reg_1 to hi0/clk_hz
                                Gate     Net
    Cell:in->out      fanout   Delay   Delay  Logical Name (Net Name)
    ----------------------------------------  ------------
     FDR:C->Q              2   0.591   0.622  hi0/r_reg_1 (hi0/r_reg_1)
     LUT1:I0->O            1   0.704   0.000  hi0/Madd_r_next_addsub0000_cy<1>_rt (hi0/Madd_r_next_addsub0000_cy<1>_rt)
     MUXCY:S->O            1   0.464   0.000  hi0/Madd_r_next_addsub0000_cy<1> (hi0/Madd_r_next_addsub0000_cy<1>)
     MUXCY:CI->O           1   0.059   0.000  hi0/Madd_r_next_addsub0000_cy<2> (hi0/Madd_r_next_addsub0000_cy<2>)
     MUXCY:CI->O           1   0.059   0.000  hi0/Madd_r_next_addsub0000_cy<3> (hi0/Madd_r_next_addsub0000_cy<3>)
     MUXCY:CI->O           1   0.059   0.000  hi0/Madd_r_next_addsub0000_cy<4> (hi0/Madd_r_next_addsub0000_cy<4>)
     MUXCY:CI->O           1   0.059   0.000  hi0/Madd_r_next_addsub0000_cy<5> (hi0/Madd_r_next_addsub0000_cy<5>)
     MUXCY:CI->O           1   0.059   0.000  hi0/Madd_r_next_addsub0000_cy<6> (hi0/Madd_r_next_addsub0000_cy<6>)
     MUXCY:CI->O           1   0.059   0.000  hi0/Madd_r_next_addsub0000_cy<7> (hi0/Madd_r_next_addsub0000_cy<7>)
     MUXCY:CI->O           1   0.059   0.000  hi0/Madd_r_next_addsub0000_cy<8> (hi0/Madd_r_next_addsub0000_cy<8>)
     MUXCY:CI->O           1   0.059   0.000  hi0/Madd_r_next_addsub0000_cy<9> (hi0/Madd_r_next_addsub0000_cy<9>)
     MUXCY:CI->O           1   0.059   0.000  hi0/Madd_r_next_addsub0000_cy<10> (hi0/Madd_r_next_addsub0000_cy<10>)
     MUXCY:CI->O           1   0.059   0.000  hi0/Madd_r_next_addsub0000_cy<11> (hi0/Madd_r_next_addsub0000_cy<11>)
     MUXCY:CI->O           1   0.059   0.000  hi0/Madd_r_next_addsub0000_cy<12> (hi0/Madd_r_next_addsub0000_cy<12>)
     MUXCY:CI->O           1   0.059   0.000  hi0/Madd_r_next_addsub0000_cy<13> (hi0/Madd_r_next_addsub0000_cy<13>)
     MUXCY:CI->O           1   0.059   0.000  hi0/Madd_r_next_addsub0000_cy<14> (hi0/Madd_r_next_addsub0000_cy<14>)
     MUXCY:CI->O           1   0.059   0.000  hi0/Madd_r_next_addsub0000_cy<15> (hi0/Madd_r_next_addsub0000_cy<15>)
     MUXCY:CI->O           1   0.059   0.000  hi0/Madd_r_next_addsub0000_cy<16> (hi0/Madd_r_next_addsub0000_cy<16>)
     MUXCY:CI->O           1   0.059   0.000  hi0/Madd_r_next_addsub0000_cy<17> (hi0/Madd_r_next_addsub0000_cy<17>)
     MUXCY:CI->O           1   0.059   0.000  hi0/Madd_r_next_addsub0000_cy<18> (hi0/Madd_r_next_addsub0000_cy<18>)
     MUXCY:CI->O           1   0.059   0.000  hi0/Madd_r_next_addsub0000_cy<19> (hi0/Madd_r_next_addsub0000_cy<19>)
     MUXCY:CI->O           1   0.059   0.000  hi0/Madd_r_next_addsub0000_cy<20> (hi0/Madd_r_next_addsub0000_cy<20>)
     MUXCY:CI->O           1   0.059   0.000  hi0/Madd_r_next_addsub0000_cy<21> (hi0/Madd_r_next_addsub0000_cy<21>)
     MUXCY:CI->O           1   0.059   0.000  hi0/Madd_r_next_addsub0000_cy<22> (hi0/Madd_r_next_addsub0000_cy<22>)
     MUXCY:CI->O           1   0.059   0.000  hi0/Madd_r_next_addsub0000_cy<23> (hi0/Madd_r_next_addsub0000_cy<23>)
     MUXCY:CI->O           1   0.059   0.000  hi0/Madd_r_next_addsub0000_cy<24> (hi0/Madd_r_next_addsub0000_cy<24>)
     MUXCY:CI->O           0   0.059   0.000  hi0/Madd_r_next_addsub0000_cy<25> (hi0/Madd_r_next_addsub0000_cy<25>)
     XORCY:CI->O           2   0.804   0.451  hi0/Madd_r_next_addsub0000_xor<26> (hi0/r_next_addsub0000<26>)
     LUT4:I3->O            1   0.704   0.000  hi0/clk_hz_cmp_eq0000_wg_lut<6> (hi0/clk_hz_cmp_eq0000_wg_lut<6>)
     MUXCY:S->O            1   0.736   0.420  hi0/clk_hz_cmp_eq0000_wg_cy<6> (hi0/clk_hz_cmp_eq0000)
     FDE:CE                    0.555          hi0/clk_hz
    ----------------------------------------
    Total                      7.467ns (5.974ns logic, 1.493ns route)
                                       (80.0% logic, 20.0% route)

=========================================================================
Timing constraint: Default period analysis for Clock 'hi0/clk_hz'
  Clock period: 3.945ns (frequency: 253.485MHz)
  Total number of paths / destination ports: 71 / 8
-------------------------------------------------------------------------
Delay:               3.945ns (Levels of Logic = 2)
  Source:            hi1/d_4 (FF)
  Destination:       hi1/d_0 (FF)
  Source Clock:      hi0/clk_hz rising
  Destination Clock: hi0/clk_hz rising

  Data Path: hi1/d_4 to hi1/d_0
                                Gate     Net
    Cell:in->out      fanout   Delay   Delay  Logical Name (Net Name)
    ----------------------------------------  ------------
     FDP:C->Q              3   0.591   0.706  hi1/d_4 (hi1/d_4)
     LUT4:I0->O            8   0.704   0.932  hi1/d_cmp_le0000112 (hi1/d_cmp_le0000112)
     LUT2:I0->O            1   0.704   0.000  hi1/d_cmp_le0000126 (hi1/d_cmp_le0000)
     FDP:D                     0.308          hi1/d_0
    ----------------------------------------
    Total                      3.945ns (2.307ns logic, 1.638ns route)
                                       (58.5% logic, 41.5% route)

=========================================================================
Timing constraint: Default OFFSET OUT AFTER for Clock 'hi0/clk_hz'
  Total number of paths / destination ports: 8 / 8
-------------------------------------------------------------------------
Offset:              4.394ns (Levels of Logic = 1)
  Source:            hi1/d_6 (FF)
  Destination:       led<6> (PAD)
  Source Clock:      hi0/clk_hz rising

  Data Path: hi1/d_6 to led<6>
                                Gate     Net
    Cell:in->out      fanout   Delay   Delay  Logical Name (Net Name)
    ----------------------------------------  ------------
     FDP:C->Q              3   0.591   0.531  hi1/d_6 (hi1/d_6)
     OBUF:I->O                 3.272          led_6_OBUF (led<6>)
    ----------------------------------------
    Total                      4.394ns (3.863ns logic, 0.531ns route)
                                       (87.9% logic, 12.1% route)

=========================================================================


Total REAL time to Xst completion: 2.00 secs
Total CPU time to Xst completion: 2.56 secs
 
--> 

Total memory usage is 4497920 kilobytes

Number of errors   :    0 (   0 filtered)
Number of warnings :    0 (   0 filtered)
Number of infos    :    1 (   0 filtered)

