MO ClkDiv NULL ../ClockDivision/ClkDiv.v vlg71/_clk_div.bin 1695093466
MO CounterTop NULL CounterTop.v vlg7F/_counter_top.bin 1695093466
MO Dem_len_4bit NULL ../Dem_len_4bit/Dem_len_4bit.v vlg26/_dem__len__4bit.bin 1695093466
MO ClockDivision NULL ../ClockDivision/ClockDivision.v vlg6D/_clock_division.bin 1695093466
