Release 14.7 - xst P.20131013 (nt64)
Copyright (c) 1995-2013 Xilinx, Inc.  All rights reserved.
--> Parameter TMPDIR set to xst/projnav.tmp


Total REAL time to Xst completion: 0.00 secs
Total CPU time to Xst completion: 0.06 secs
 
--> Parameter xsthdpdir set to xst


Total REAL time to Xst completion: 0.00 secs
Total CPU time to Xst completion: 0.06 secs
 
--> Reading design: main.prj

TABLE OF CONTENTS
  1) Synthesis Options Summary
  2) HDL Compilation
  3) Design Hierarchy Analysis
  4) HDL Analysis
  5) HDL Synthesis
     5.1) HDL Synthesis Report
  6) Advanced HDL Synthesis
     6.1) Advanced HDL Synthesis Report
  7) Low Level Synthesis
  8) Partition Report
  9) Final Report
	9.1) Device utilization summary
	9.2) Partition Resource Summary
	9.3) TIMING REPORT


=========================================================================
*                      Synthesis Options Summary                        *
=========================================================================
---- Source Parameters
Input File Name                    : "main.prj"
Input Format                       : mixed
Ignore Synthesis Constraint File   : NO

---- Target Parameters
Output File Name                   : "main"
Output Format                      : NGC
Target Device                      : xc3s500e-4-fg320

---- Source Options
Top Module Name                    : main
Automatic FSM Extraction           : YES
FSM Encoding Algorithm             : Auto
Safe Implementation                : No
FSM Style                          : LUT
RAM Extraction                     : Yes
RAM Style                          : Auto
ROM Extraction                     : Yes
Mux Style                          : Auto
Decoder Extraction                 : YES
Priority Encoder Extraction        : Yes
Shift Register Extraction          : YES
Logical Shifter Extraction         : YES
XOR Collapsing                     : YES
ROM Style                          : Auto
Mux Extraction                     : Yes
Resource Sharing                   : YES
Asynchronous To Synchronous        : NO
Multiplier Style                   : Auto
Automatic Register Balancing       : No

---- Target Options
Add IO Buffers                     : YES
Global Maximum Fanout              : 100000
Add Generic Clock Buffer(BUFG)     : 24
Register Duplication               : YES
Slice Packing                      : YES
Optimize Instantiated Primitives   : NO
Use Clock Enable                   : Yes
Use Synchronous Set                : Yes
Use Synchronous Reset              : Yes
Pack IO Registers into IOBs        : Auto
Equivalent register Removal        : YES

---- General Options
Optimization Goal                  : Speed
Optimization Effort                : 1
Keep Hierarchy                     : No
Netlist Hierarchy                  : As_Optimized
RTL Output                         : Yes
Global Optimization                : AllClockNets
Read Cores                         : YES
Write Timing Constraints           : NO
Cross Clock Analysis               : NO
Hierarchy Separator                : /
Bus Delimiter                      : <>
Case Specifier                     : Maintain
Slice Utilization Ratio            : 100
BRAM Utilization Ratio             : 100
Verilog 2001                       : YES
Auto BRAM Packing                  : NO
Slice Utilization Ratio Delta      : 5

=========================================================================


=========================================================================
*                          HDL Compilation                              *
=========================================================================
Compiling verilog file "tru_1bit.v" in library work
Compiling verilog file "cong_1bit.v" in library work
Module <tru_1bit> compiled
Compiling verilog file "tru_2bit.v" in library work
Module <cong_1bit> compiled
Compiling verilog file "cong_2bit.v" in library work
Module <tru_2bit> compiled
Compiling verilog file "main.v" in library work
Module <cong_2bit> compiled
Module <main> compiled
No errors in compilation
Analysis of file <"main.prj"> succeeded.
 

=========================================================================
*                     Design Hierarchy Analysis                         *
=========================================================================
Analyzing hierarchy for module <main> in library <work>.

Analyzing hierarchy for module <cong_2bit> in library <work>.

Analyzing hierarchy for module <tru_2bit> in library <work>.

Analyzing hierarchy for module <cong_1bit> in library <work>.

Analyzing hierarchy for module <tru_1bit> in library <work>.


=========================================================================
*                            HDL Analysis                               *
=========================================================================
Analyzing top module <main>.
Module <main> is correct for synthesis.
 
Analyzing module <cong_2bit> in library <work>.
Module <cong_2bit> is correct for synthesis.
 
Analyzing module <cong_1bit> in library <work>.
Module <cong_1bit> is correct for synthesis.
 
Analyzing module <tru_2bit> in library <work>.
Module <tru_2bit> is correct for synthesis.
 
Analyzing module <tru_1bit> in library <work>.
Module <tru_1bit> is correct for synthesis.
 

=========================================================================
*                           HDL Synthesis                               *
=========================================================================

Performing bidirectional port resolution...

Synthesizing Unit <cong_1bit>.
    Related source file is "cong_1bit.v".
    Found 1-bit xor2 for signal <S>.
    Found 1-bit xor2 for signal <COUT$xor0000> created at line 29.
Unit <cong_1bit> synthesized.


Synthesizing Unit <tru_1bit>.
    Related source file is "tru_1bit.v".
    Found 1-bit xor3 for signal <D>.
    Summary:
	inferred   1 Xor(s).
Unit <tru_1bit> synthesized.


Synthesizing Unit <cong_2bit>.
    Related source file is "cong_2bit.v".
Unit <cong_2bit> synthesized.


Synthesizing Unit <tru_2bit>.
    Related source file is "tru_2bit.v".
Unit <tru_2bit> synthesized.


Synthesizing Unit <main>.
    Related source file is "main.v".
WARNING:Xst:737 - Found 2-bit latch for signal <S>. Latches may be generated from incomplete case or if statements. We do not recommend the use of latches in FPGA/CPLD designs, as they may lead to timing problems.
WARNING:Xst:737 - Found 1-bit latch for signal <C0>. Latches may be generated from incomplete case or if statements. We do not recommend the use of latches in FPGA/CPLD designs, as they may lead to timing problems.
Unit <main> synthesized.


=========================================================================
HDL Synthesis Report

Macro Statistics
# Latches                                              : 2
 1-bit latch                                           : 1
 2-bit latch                                           : 1
# Xors                                                 : 6
 1-bit xor2                                            : 4
 1-bit xor3                                            : 2

=========================================================================

=========================================================================
*                       Advanced HDL Synthesis                          *
=========================================================================


=========================================================================
Advanced HDL Synthesis Report

Macro Statistics
# Latches                                              : 2
 1-bit latch                                           : 1
 2-bit latch                                           : 1
# Xors                                                 : 6
 1-bit xor2                                            : 4
 1-bit xor3                                            : 2

=========================================================================

=========================================================================
*                         Low Level Synthesis                           *
=========================================================================

Optimizing unit <main> ...

Mapping all equations...
Building and optimizing final netlist ...
Found area constraint ratio of 100 (+ 5) on block main, actual ratio is 0.

Final Macro Processing ...

=========================================================================
Final Register Report

Found no macro
=========================================================================

=========================================================================
*                           Partition Report                            *
=========================================================================

Partition Implementation Status
-------------------------------

  No Partitions were found in this design.

-------------------------------

=========================================================================
*                            Final Report                               *
=========================================================================
Final Results
RTL Top Level Output File Name     : main.ngr
Top Level Output File Name         : main
Output Format                      : NGC
Optimization Goal                  : Speed
Keep Hierarchy                     : No

Design Statistics
# IOs                              : 10

Cell Usage :
# BELS                             : 17
#      INV                         : 2
#      LUT2                        : 1
#      LUT3                        : 6
#      LUT4                        : 6
#      MUXF5                       : 2
# FlipFlops/Latches                : 3
#      LDCPE_1                     : 3
# Clock Buffers                    : 2
#      BUFG                        : 2
# IO Buffers                       : 10
#      IBUF                        : 7
#      OBUF                        : 3
=========================================================================

Device utilization summary:
---------------------------

Selected Device : 3s500efg320-4 

 Number of Slices:                        7  out of   4656     0%  
 Number of 4 input LUTs:                 15  out of   9312     0%  
 Number of IOs:                          10
 Number of bonded IOBs:                  10  out of    232     4%  
    IOB Flip Flops:                       3
 Number of GCLKs:                         2  out of     24     8%  

---------------------------
Partition Resource Summary:
---------------------------

  No Partitions were found in this design.

---------------------------


=========================================================================
TIMING REPORT

NOTE: THESE TIMING NUMBERS ARE ONLY A SYNTHESIS ESTIMATE.
      FOR ACCURATE TIMING INFORMATION PLEASE REFER TO THE TRACE REPORT
      GENERATED AFTER PLACE-and-ROUTE.

Clock Information:
------------------
-----------------------------------+------------------------+-------+
Clock Signal                       | Clock buffer(FF name)  | Load  |
-----------------------------------+------------------------+-------+
btn2                               | IBUF+BUFG              | 1     |
btn1                               | IBUF+BUFG              | 2     |
-----------------------------------+------------------------+-------+

Asynchronous Control Signals Information:
----------------------------------------
-----------------------------------+------------------------+-------+
Control Signal                     | Buffer(FF name)        | Load  |
-----------------------------------+------------------------+-------+
C0__and0000(C0__and00001:O)        | NONE(C0)               | 1     |
C0__and0001(C0__and00011:O)        | NONE(C0)               | 1     |
S_0__and0000(S_0__and00001:O)      | NONE(S_0)              | 1     |
S_0__and0001(S_mux0000<0>:O)       | NONE(S_0)              | 1     |
S_1__and0000(S_1__and00001:O)      | NONE(S_1)              | 1     |
S_1__and0001(S_1__and00011:O)      | NONE(S_1)              | 1     |
-----------------------------------+------------------------+-------+

Timing Summary:
---------------
Speed Grade: -4

   Minimum period: No path found
   Minimum input arrival time before clock: 4.639ns
   Maximum output required time after clock: 4.368ns
   Maximum combinational path delay: No path found

Timing Detail:
--------------
All values displayed in nanoseconds (ns)

=========================================================================
Timing constraint: Default OFFSET IN BEFORE for Clock 'btn2'
  Total number of paths / destination ports: 14 / 2
-------------------------------------------------------------------------
Offset:              4.543ns (Levels of Logic = 4)
  Source:            Cin (PAD)
  Destination:       C0 (LATCH)
  Destination Clock: btn2 rising

  Data Path: Cin to C0
                                Gate     Net
    Cell:in->out      fanout   Delay   Delay  Logical Name (Net Name)
    ----------------------------------------  ------------
     IBUF:I->O             4   1.218   0.762  Cin_IBUF (Cin_IBUF)
     LUT3:I0->O            2   0.704   0.526  f1/F0/bo1 (f1/b1)
     LUT4:I1->O            1   0.704   0.000  C0_mux0000_G (N14)
     MUXF5:I1->O           3   0.321   0.000  C0_mux0000 (C0_mux0000)
     LDCPE_1:D                 0.308          C0
    ----------------------------------------
    Total                      4.543ns (3.255ns logic, 1.288ns route)
                                       (71.6% logic, 28.4% route)

=========================================================================
Timing constraint: Default OFFSET IN BEFORE for Clock 'btn1'
  Total number of paths / destination ports: 20 / 4
-------------------------------------------------------------------------
Offset:              4.639ns (Levels of Logic = 4)
  Source:            Cin (PAD)
  Destination:       S_1 (LATCH)
  Destination Clock: btn1 rising

  Data Path: Cin to S_1
                                Gate     Net
    Cell:in->out      fanout   Delay   Delay  Logical Name (Net Name)
    ----------------------------------------  ------------
     IBUF:I->O             4   1.218   0.762  Cin_IBUF (Cin_IBUF)
     LUT3:I0->O            2   0.704   0.622  f1/F0/bo1 (f1/b1)
     LUT4:I0->O            1   0.704   0.000  S_mux0000<1>1 (S_mux0000<1>1)
     MUXF5:I1->O           3   0.321   0.000  S_mux0000<1>_f5 (S_mux0000<1>)
     LDCPE_1:D                 0.308          S_1
    ----------------------------------------
    Total                      4.639ns (3.255ns logic, 1.384ns route)
                                       (70.2% logic, 29.8% route)

=========================================================================
Timing constraint: Default OFFSET OUT AFTER for Clock 'btn2'
  Total number of paths / destination ports: 1 / 1
-------------------------------------------------------------------------
Offset:              4.368ns (Levels of Logic = 1)
  Source:            C0 (LATCH)
  Destination:       C0 (PAD)
  Source Clock:      btn2 rising

  Data Path: C0 to C0
                                Gate     Net
    Cell:in->out      fanout   Delay   Delay  Logical Name (Net Name)
    ----------------------------------------  ------------
     LDCPE_1:G->Q          1   0.676   0.420  C0 (C0_OBUF)
     OBUF:I->O                 3.272          C0_OBUF (C0)
    ----------------------------------------
    Total                      4.368ns (3.948ns logic, 0.420ns route)
                                       (90.4% logic, 9.6% route)

=========================================================================
Timing constraint: Default OFFSET OUT AFTER for Clock 'btn1'
  Total number of paths / destination ports: 2 / 2
-------------------------------------------------------------------------
Offset:              4.368ns (Levels of Logic = 1)
  Source:            S_1 (LATCH)
  Destination:       S<1> (PAD)
  Source Clock:      btn1 rising

  Data Path: S_1 to S<1>
                                Gate     Net
    Cell:in->out      fanout   Delay   Delay  Logical Name (Net Name)
    ----------------------------------------  ------------
     LDCPE_1:G->Q          1   0.676   0.420  S_1 (S_1)
     OBUF:I->O                 3.272          S_1_OBUF (S<1>)
    ----------------------------------------
    Total                      4.368ns (3.948ns logic, 0.420ns route)
                                       (90.4% logic, 9.6% route)

=========================================================================


Total REAL time to Xst completion: 3.00 secs
Total CPU time to Xst completion: 2.41 secs
 
--> 

Total memory usage is 4497908 kilobytes

Number of errors   :    0 (   0 filtered)
Number of warnings :    2 (   0 filtered)
Number of infos    :    0 (   0 filtered)

